// Jest Snapshot v1, https://goo.gl/fbAQLP

exports[`<DropdownLight /> should match the snapshots 1`] = `
<DocumentFragment>
  <input
    aria-label="selecione uma opcao"
    type="hidden"
    value=""
  />
  .c1 {
  display: inline-block;
  pointer-events: none;
  width: 24px;
}

.c0 {
  width: 100%;
  padding: 8px 16px;
  border-radius: 4px;
  box-sizing: border-box;
  font-size: 16px;
  display: -webkit-box;
  display: -webkit-flex;
  display: -ms-flexbox;
  display: flex;
  -webkit-align-items: center;
  -webkit-box-align: center;
  -ms-flex-align: center;
  align-items: center;
  -webkit-box-pack: justify;
  -webkit-justify-content: space-between;
  -ms-flex-pack: justify;
  justify-content: space-between;
  text-align: left;
  margin-top: 0px;
  -webkit-transition: all 0.2s ease-in-out;
  -webkit-transition: all 0.2s ease-in-out;
  transition: all 0.2s ease-in-out;
  background-color: #ffffff;
  border: 2px solid #999999;
  color: #424242;
}

.c0:hover {
  border-color: #1250C4;
  box-shadow: 0px 3px 1px -2px rgb(18 80 196 / 20%),0px 2px 2px 0px rgb(18 80 196 / 14%),0px 1px 5px 0px rgb(18 80 196 / 12%);
}

.c0:focus {
  border-color: #1250C4;
  box-shadow: 0px 3px 1px -2px rgb(18 80 196 / 20%),0px 2px 2px 0px rgb(18 80 196 / 14%),0px 1px 5px 0px rgb(18 80 196 / 12%);
}

<button
    class="c0"
  >
    Select an option
    <svg
      aria-hidden="true"
      class="MuiSvgIcon-root c1"
      data-qtm-preloader="icon"
      focusable="false"
      style="font-size: 24px; max-width: 24px;"
      theme="[object Object]"
      viewBox="0 0 24 24"
    >
      <path
        d="M7 10l5 5 5-5z"
      />
    </svg>
  </button>
</DocumentFragment>
`;
