// Jest Snapshot v1, https://goo.gl/fbAQLP

exports[`Form component  should match the snapshot 1`] = `
.c0 {
  position: relative;
  margin-bottom: 20px;
  min-width: 250px;
  width: 100%;
}

.c1 {
  display: block;
  margin-bottom: 5px;
  margin-bottom: 0;
  padding: 8px 12px 0px;
  font-weight: bold;
}

.c2 {
  position: relative;
}

.c3 {
  -webkit-align-items: center;
  -webkit-box-align: center;
  -ms-flex-align: center;
  align-items: center;
  cursor: pointer;
  display: -webkit-box;
  display: -webkit-flex;
  display: -ms-flexbox;
  display: flex;
  font-size: 16px;
  font-weight: bold;
  height: 40px;
  -webkit-box-pack: center;
  -webkit-justify-content: center;
  -ms-flex-pack: center;
  justify-content: center;
  padding: 0 16px;
  -webkit-letter-spacing: 0.2px;
  -moz-letter-spacing: 0.2px;
  -ms-letter-spacing: 0.2px;
  letter-spacing: 0.2px;
  -webkit-transition: all 0.2s ease-in-out;
  transition: all 0.2s ease-in-out;
  background-color: #1355d0;
  border: 1.5px solid #1355d0;
  box-shadow: 0 2px 4px 0 #cccccc;
  color: #FFFFFF;
  -webkit-text-decoration: none;
  text-decoration: none;
  border-radius: 4px;
}

.c3 *:nth-child(2) {
  margin-left: 5px;
}

.c3:hover {
  box-shadow: 0 2px 4px 0 #cccccc;
  background-color: #002f7b;
  border-color: #002f7b;
  color: #FFFFFF;
}

.c3:focus {
  box-shadow: 0 2px 6px 0 rgba(19,85,208,0.5);
  background-color: #1355d0;
  border-color: #1355d0;
  color: #FFFFFF;
}

.c3:active {
  box-shadow: 0 2px 4px 0 #4c4c4c;
  background-color: #002f7b;
  border-color: #002f7b;
  color: #FFFFFF;
}

.c3 .c4 {
  font-size: 24px;
}

<form
  noValidate={true}
  onSubmit={[Function]}
>
  <div
    className="c0"
  >
    <label
      className="c1"
      htmlFor="input-0"
    >
      required
    </label>
    
    <div
      className="c2"
    >
      <input
        id="input-0"
        mask={[Function]}
        name="required"
        onChange={[Function]}
        placeholder=""
        render={[Function]}
        required={false}
        type="text"
        validate={[Function]}
        value=""
      />
      
    </div>
    
    
  </div>
  <div
    className="c0"
  >
    <label
      className="c1"
      htmlFor="input-1"
    >
      CPF
    </label>
    
    <div
      className="c2"
    >
      <input
        id="input-1"
        mask={[Function]}
        name="cpf"
        onChange={[Function]}
        placeholder=""
        render={[Function]}
        required={false}
        type="text"
        validate={[Function]}
        value=""
      />
      
    </div>
    
    
  </div>
  <div
    className="c0"
  >
    <label
      className="c1"
      htmlFor="input-2"
    >
      CEP
    </label>
    
    <div
      className="c2"
    >
      <input
        id="input-2"
        mask={[Function]}
        name="cep"
        onChange={[Function]}
        placeholder=""
        render={[Function]}
        required={false}
        type="text"
        validate={[Function]}
        value=""
      />
      
    </div>
    
    
  </div>
  <div
    className="c0"
  >
    <label
      className="c1"
      htmlFor="input-3"
    >
      Birthday
    </label>
    
    <div
      className="c2"
    >
      <input
        id="input-3"
        mask={[Function]}
        name="birthday"
        onChange={[Function]}
        placeholder=""
        render={[Function]}
        required={false}
        type="text"
        validate={[Function]}
        value=""
      />
      
    </div>
    
    
  </div>
  <div
    className="c0"
  >
    <label
      className="c1"
      htmlFor="input-4"
    >
      E-mail
    </label>
    
    <div
      className="c2"
    >
      <input
        id="input-4"
        mask={[Function]}
        name="email"
        onChange={[Function]}
        placeholder=""
        render={[Function]}
        required={false}
        type="text"
        validate={[Function]}
        value=""
      />
      
    </div>
    
    
  </div>
  <div
    className="c0"
  >
    <label
      className="c1"
      htmlFor="input-5"
    >
      Address
    </label>
    
    <div
      className="c2"
    >
      <input
        id="input-5"
        mask={[Function]}
        minLength="8"
        name="address"
        onChange={[Function]}
        placeholder=""
        render={[Function]}
        required={false}
        type="text"
        validate={[Function]}
        value=""
      />
      
    </div>
    
    
  </div>
  <div
    className="c0"
  >
    <label
      className="c1"
      htmlFor="input-6"
    >
      Country
    </label>
    
    <div
      className="c2"
    >
      <input
        id="input-6"
        mask={[Function]}
        maxLength="3"
        name="country"
        onChange={[Function]}
        placeholder=""
        render={[Function]}
        required={false}
        type="text"
        validate={[Function]}
        value=""
      />
      
    </div>
    
    
  </div>
  <button
    className="c3"
    disabled={false}
    onClick={[Function]}
    size="medium"
    type="submit"
  >
    
    <span>
       Enviar 
    </span>
  </button>
</form>
`;
