// Jest Snapshot v1, https://goo.gl/fbAQLP

exports[`Form component  should match the snapshot 1`] = `
<form
  noValidate={true}
  onSubmit={[Function]}
  onValidSubmit={[MockFunction]}
>
  <div
    className="sc-EHOje bofIsN sc-htpNat jDKbhD"
  >
    <input
      className="sc-ifAKCX lhnZnG"
      defaultValue=""
      id=""
      maxLength=""
      name="required"
      onBlur={[Function]}
      onChange={[Function]}
      onFocus={[Function]}
      type="text"
    />
    <label
      className="sc-bxivhb dNQvGb sc-bwzfXH eQhPVJ"
      htmlFor=""
    >
      required
    </label>
    
  </div>
  <div
    className="sc-EHOje bofIsN sc-htpNat jDKbhD"
  >
    <input
      className="sc-ifAKCX lhnZnG"
      defaultValue=""
      id=""
      maxLength=""
      name="cpf"
      onBlur={[Function]}
      onChange={[Function]}
      onFocus={[Function]}
      type="text"
    />
    <label
      className="sc-bxivhb dNQvGb sc-bwzfXH eQhPVJ"
      htmlFor=""
    >
      CPF
    </label>
    
  </div>
  <div
    className="sc-EHOje bofIsN sc-htpNat jDKbhD"
  >
    <input
      className="sc-ifAKCX lhnZnG"
      defaultValue=""
      id=""
      maxLength=""
      name="cep"
      onBlur={[Function]}
      onChange={[Function]}
      onFocus={[Function]}
      type="text"
    />
    <label
      className="sc-bxivhb dNQvGb sc-bwzfXH eQhPVJ"
      htmlFor=""
    >
      CEP
    </label>
    
  </div>
  <div
    className="sc-EHOje bofIsN sc-htpNat jDKbhD"
  >
    <input
      className="sc-ifAKCX lhnZnG"
      defaultValue=""
      id=""
      maxLength=""
      name="birthday"
      onBlur={[Function]}
      onChange={[Function]}
      onFocus={[Function]}
      type="text"
    />
    <label
      className="sc-bxivhb dNQvGb sc-bwzfXH eQhPVJ"
      htmlFor=""
    >
      Birthday
    </label>
    
  </div>
  <div
    className="sc-EHOje bofIsN sc-htpNat jDKbhD"
  >
    <input
      className="sc-ifAKCX lhnZnG"
      defaultValue=""
      id=""
      maxLength=""
      name="email"
      onBlur={[Function]}
      onChange={[Function]}
      onFocus={[Function]}
      type="text"
    />
    <label
      className="sc-bxivhb dNQvGb sc-bwzfXH eQhPVJ"
      htmlFor=""
    >
      E-mail
    </label>
    
  </div>
  <div
    className="sc-EHOje bofIsN sc-htpNat jDKbhD"
  >
    <input
      className="sc-ifAKCX lhnZnG"
      defaultValue=""
      id=""
      maxLength=""
      minLength="8"
      name="address"
      onBlur={[Function]}
      onChange={[Function]}
      onFocus={[Function]}
      type="text"
    />
    <label
      className="sc-bxivhb dNQvGb sc-bwzfXH eQhPVJ"
      htmlFor=""
    >
      Address
    </label>
    
  </div>
  <div
    className="sc-EHOje bofIsN sc-htpNat jDKbhD"
  >
    <input
      className="sc-ifAKCX lhnZnG"
      defaultValue=""
      id=""
      maxLength="3"
      name="country"
      onBlur={[Function]}
      onChange={[Function]}
      onFocus={[Function]}
      type="text"
    />
    <label
      className="sc-bxivhb dNQvGb sc-bwzfXH eQhPVJ"
      htmlFor=""
    >
      Country
    </label>
    
  </div>
  <button
    className="sc-bZQynM jdyafo"
    disabled={false}
    onChange={[Function]}
    onClick={[Function]}
    type="submit"
    value={undefined}
  >
     
     
    Enviar
     
     
  </button>
</form>
`;
