// Jest Snapshot v1, https://goo.gl/fbAQLP

exports[`<Steps /> Should match the snapshot 1`] = `
<div
  className="sc-bdVaJa cOVzqF"
>
  <ul
    className="sc-bwzfXH ceHnQp"
  >
    <li
      className="sc-bxivhb jtfdvt"
    >
      <p>
        Criação de conta
      </p>
      <span
        aria-hidden="true"
        className="material-icons MuiIcon-root-1 sc-htpNat iuNYUu"
        status="done"
        style={
          Object {
            "color": "",
          }
        }
      >
        person
      </span>
    </li>
    <li
      className="sc-bxivhb kOHDdl"
    >
      <p>
        Plano Forma de pagamento
      </p>
      <span
        aria-hidden="true"
        className="material-icons MuiIcon-root-1 sc-htpNat iTQnuI"
        status="active"
        style={
          Object {
            "color": "",
          }
        }
      >
        credit_card
      </span>
    </li>
    <li
      className="sc-bxivhb grGLhb"
    >
      <p>
        Preencher o currículo
      </p>
      <span
        aria-hidden="true"
        className="material-icons MuiIcon-root-1 sc-htpNat cfEzL"
        status=""
        style={
          Object {
            "color": "",
          }
        }
      >
        description
      </span>
    </li>
  </ul>
</div>
`;
