// Jest Snapshot v1, https://goo.gl/fbAQLP

exports[`Input component  should match the snapshot 1`] = `
<div
  className="sc-htpNat hxsEuH"
>
  <label
    checked={false}
    className="sc-ifAKCX cSrAET sc-bwzfXH eQhPVJ"
    disabled={false}
  >
    <input
      checked={false}
      className="sc-bxivhb cRvGhf"
      disabled={false}
      id=""
      onBlur={[Function]}
      onChange={[Function]}
      onFocus={[Function]}
      type="checkbox"
    />
    
  </label>
</div>
`;
