// Jest Snapshot v1, https://goo.gl/fbAQLP

exports[`Input component  should match the snapshot 1`] = `
<div
  checked={false}
  className="sc-ifAKCX dCxOBT sc-htpNat hxsEuH"
  disabled={false}
>
  <label
    checked={false}
    className="sc-bxivhb bfHqnw sc-bwzfXH eQhPVJ"
    disabled={false}
  >
    <input
      checked={false}
      className="sc-EHOje vChbq"
      disabled={false}
      id=""
      onChange={[Function]}
      type="checkbox"
    />
    Label
  </label>
</div>
`;
