// Jest Snapshot v1, https://goo.gl/fbAQLP

exports[`<Card /> Snapshots Should match the snapshot 1`] = `
.shadow-1 {
  box-shadow: 0 2px 1px -1px var(--qtm-shadow-umbra-color),0 1px 1px 0 var(--qtm-shadow-penumbra-color),0 1px 3px 0 var(--qtm-shadow-ambient-color);
}

.Card-module__card-wrapper___HvjEg {
  background-color: var(--qtm-colors-neutral-0);
  border-radius: 8px;
  display: flex;
  flex-direction: column;
  position: relative;
}

.Description-module__description-content___FVBwO {
  font-size: calc(var(--qtm-base-font-size)*.875);
  margin: var(--qtm-spacing-xsmall) 0 0 0;
}

.Footer-module__footer-wrapper___fgaA4 {
  padding: 0 var(--qtm-spacing-medium) var(--qtm-spacing-medium);
}

.HeaderText-module__header-text___TE5FD {
  flex-basis: 0;
  flex-grow: 1;
}

.Thumbnail-module__thumbnail___z2NdG {
  background-color: var(--qtm-colors-neutral-300);
  border-radius: 4px;
  display: inline-block;
  height: 72px;
  width: 72px;
}

.Content-module__content___XHfb6 {
  font-size: var(--qtm-base-font-size);
  max-height: 70vh;
  overflow-y: auto;
  padding: var(--qtm-spacing-medium);
}

.Title-module__title___yTCjg {
  font-weight: 700;
  line-height: 1.25;
}

<article
  class="Card-module__card-wrapper___HvjEg shadow-1"
>
  <header
    class=""
  >
    <div
      class="HeaderText-module__header-text___TE5FD"
    >
      <h2
        class="Title-module__title___yTCjg"
      >
        Title
      </h2>
      <div
        class="Description-module__description-content___FVBwO"
      >
        Description
      </div>
    </div>
    <img
      alt="Thumbnail"
      class="Thumbnail-module__thumbnail___z2NdG"
      loading="lazy"
      src="#"
    />
  </header>
  <div
    class="Content-module__content___XHfb6"
  >
    Content
  </div>
  <footer
    class="Footer-module__footer-wrapper___fgaA4"
  >
    Footer
  </footer>
</article>
`;

exports[`<Card /> Snapshots Should match the snapshot 2`] = `
.shadow-1 {
  box-shadow: 0 2px 1px -1px var(--qtm-shadow-umbra-color),0 1px 1px 0 var(--qtm-shadow-penumbra-color),0 1px 3px 0 var(--qtm-shadow-ambient-color);
}

.Card-module__card-wrapper___HvjEg {
  background-color: var(--qtm-colors-neutral-0);
  border-radius: 8px;
  display: flex;
  flex-direction: column;
  position: relative;
}

<article
  class="Card-module__card-wrapper___HvjEg shadow-1"
  style="background-color: rgba(255, 255, 255, 0.5);"
/>
`;

exports[`<Card /> Snapshots should match snapshot with rounded Thumbnail 1`] = `
.Thumbnail-module__thumbnail___z2NdG {
  background-color: var(--qtm-colors-neutral-300);
  border-radius: 4px;
  display: inline-block;
  height: 72px;
  width: 72px;
}

.Thumbnail-module__thumbnail-rounded___p2GVQ {
  border-radius: 50%;
}

<img
  alt=""
  class="Thumbnail-module__thumbnail___z2NdG Thumbnail-module__thumbnail-rounded___p2GVQ"
  loading="lazy"
  src=""
/>
`;

exports[`<Card /> Snapshots should match snapshot with small Description 1`] = `
.Description-module__description-content___FVBwO {
  font-size: calc(var(--qtm-base-font-size)*.875);
  margin: var(--qtm-spacing-xsmall) 0 0 0;
}

.Description-module__description-content-small___tf4mk {
  font-size: calc(var(--qtm-base-font-size)*.75);
}

<div
  class="Description-module__description-content___FVBwO Description-module__description-content-small___tf4mk"
/>
`;

exports[`<Card /> Snapshots should match snapshot with small Title 1`] = `
.Title-module__title___yTCjg {
  font-weight: 700;
  line-height: 1.25;
}

<h2
  class="Title-module__title___yTCjg undefined"
/>
`;
