// Jest Snapshot v1, https://goo.gl/fbAQLP

exports[`CircularLoader component Should match the snapshot of a simple circular loader 1`] = `
.c1 {
  left: 50%;
  overflow: hidden;
  position: absolute;
  top: 50%;
  -webkit-transform: translate(-50%,-50%);
  -ms-transform: translate(-50%,-50%);
  transform: translate(-50%,-50%);
  color: #1250C4;
}

.c2 {
  -webkit-animation: dPEoa 1.4s ease-in-out infinite;
  animation: dPEoa 1.4s ease-in-out infinite;
  cx: 44;
  cy: 44;
  fill: none;
  line-height: 1;
  r: 20.2;
  stroke-dasharray: 80px,200px;
  stroke-dashoffset: 0px;
  stroke-width: 3.6;
  stroke: currentColor;
  color: #1250C4;
}

.c0 {
  -webkit-animation: cZxgpV 1.4s linear infinite;
  animation: cZxgpV 1.4s linear infinite;
  position: relative;
  height: 16px;
  width: 16px;
}

<div
  className="c0"
  role="progressbar"
  size="medium"
>
  <svg
    className="c1"
    color="#1250C4"
    viewBox="22 22 44 44"
  >
    <circle
      className="c2"
      color="#1250C4"
    />
  </svg>
</div>
`;
