// Jest Snapshot v1, https://goo.gl/fbAQLP

exports[`AutoComplete component  should match the snapshot 1`] = `
<div
  className="AutoComplete__Wrapper-sc-1vy8gb0-1 fiwLLF"
>
  <div
    className="FieldGroup-sc-18uoi37-0 Input__InputFieldGroup-sc-16zet9e-3 gKcXhp"
  >
    <input
      className="Input__InputTag-sc-16zet9e-1 inKlOh"
      defaultValue="test"
      id=""
      list="_datalist"
      maxLength=""
      onBlur={[Function]}
      onChange={[Function]}
      onFocus={[Function]}
      type="text"
    />
    
    
  </div>
  <datalist
    className="AutoComplete__Datalist-sc-1vy8gb0-0 fJbUIm"
    id="_datalist"
  >
    <option
      value="Brazil"
    />
    <option
      value="Germany"
    />
    <option
      value="Mexico"
    />
    <option
      value="Usa"
    />
  </datalist>
</div>
`;
