// Jest Snapshot v1, https://goo.gl/fbAQLP

exports[`Popover should match the snapshot 1`] = `"<div class=\\"sc-bwzfXH byurlq\\"><div class=\\"sc-htpNat chisgq\\"><div class=\\"sc-bxivhb gLAiFC\\" title=\\"\\"><span class=\\"material-icons MuiIcon-root-1 sc-EHOje eQYihx\\" aria-hidden=\\"true\\" title=\\"\\">close</span></div><div class=\\"sc-ifAKCX dfwGwe\\"></div></div><div class=\\"sc-bZQynM bOrPFB\\">Interact</div></div>"`;

exports[`Popover should match the snapshot 2`] = `"<div class=\\"sc-bwzfXH byurlq\\"><div class=\\"sc-htpNat chisgq\\"><div class=\\"sc-bxivhb jJwiHH\\" title=\\"Title\\"><span>Title</span><span class=\\"material-icons MuiIcon-root-1 sc-EHOje eQYihx\\" aria-hidden=\\"true\\" title=\\"Close\\">close</span></div><div class=\\"sc-ifAKCX dfwGwe\\"></div></div><div class=\\"sc-bZQynM bOrPFB\\">Interact</div></div>"`;

exports[`Popover should match the snapshot 3`] = `"<div class=\\"sc-bwzfXH byurlq\\"><div class=\\"sc-htpNat chisgq\\"><div class=\\"sc-bxivhb gLAiFC\\" title=\\"\\"><span class=\\"material-icons MuiIcon-root-1 sc-EHOje eQYihx\\" aria-hidden=\\"true\\" title=\\"\\">close</span></div><div class=\\"sc-ifAKCX dfwGwe\\"><div><h1>My title</h1><ul><li>Content</li><li>Content</li><li>Content</li></ul><hr><button class=\\"sc-htoDjs ddReBg\\" type=\\"button\\">Click me</button></div></div></div><div class=\\"sc-bZQynM bOrPFB\\">Interact</div></div>"`;

exports[`Popover should match the snapshot 4`] = `"<div class=\\"sc-bwzfXH byurlq\\"><div class=\\"sc-htpNat jodgWk\\"><div class=\\"sc-bxivhb gLAiFC\\" title=\\"\\"><span class=\\"material-icons MuiIcon-root-1 sc-EHOje eQYihx\\" aria-hidden=\\"true\\" title=\\"\\">close</span></div><div class=\\"sc-ifAKCX dfwGwe\\"></div></div><div class=\\"sc-bZQynM bOrPFB\\">Interact</div></div>"`;

exports[`Popover should match the snapshot 5`] = `"<div class=\\"sc-bwzfXH byurlq\\"><div class=\\"sc-htpNat fisxjk\\"><div class=\\"sc-bxivhb gLAiFC\\" title=\\"\\"><span class=\\"material-icons MuiIcon-root-1 sc-EHOje eQYihx\\" aria-hidden=\\"true\\" title=\\"\\">close</span></div><div class=\\"sc-ifAKCX dfwGwe\\"></div></div><div class=\\"sc-bZQynM bOrPFB\\">Interact</div></div>"`;

exports[`Popover should match the snapshot 6`] = `"<div class=\\"sc-bwzfXH byurlq\\"><div class=\\"sc-htpNat fiwAmW\\"><div class=\\"sc-bxivhb gLAiFC\\" title=\\"\\"><span class=\\"material-icons MuiIcon-root-1 sc-EHOje eQYihx\\" aria-hidden=\\"true\\" title=\\"\\">close</span></div><div class=\\"sc-ifAKCX dfwGwe\\"></div></div><div class=\\"sc-bZQynM bOrPFB\\">Interact</div></div>"`;

exports[`Popover should match the snapshot 7`] = `"<div class=\\"sc-bwzfXH byurlq\\"><div class=\\"sc-htpNat hmTKye\\"><div class=\\"sc-bxivhb gLAiFC\\" title=\\"\\"><span class=\\"material-icons MuiIcon-root-1 sc-EHOje eQYihx\\" aria-hidden=\\"true\\" title=\\"\\">close</span></div><div class=\\"sc-ifAKCX dfwGwe\\"></div></div><div class=\\"sc-bZQynM bOrPFB\\">Interact</div></div>"`;

exports[`Popover should match the snapshot 8`] = `"<div class=\\"sc-bwzfXH byurlq\\"><div class=\\"sc-htpNat chisgq\\"><div class=\\"sc-bdVaJa bmMZKi\\"></div><div class=\\"sc-bxivhb gLAiFC\\" title=\\"\\"><span class=\\"material-icons MuiIcon-root-1 sc-EHOje eQYihx\\" aria-hidden=\\"true\\" title=\\"\\">close</span></div><div class=\\"sc-ifAKCX jYAhnQ\\"></div></div><div class=\\"sc-bZQynM bOrPFB\\">Interact</div></div>"`;
