// Jest Snapshot v1, https://goo.gl/fbAQLP

exports[`Popover component should match snapshots 1`] = `
<DocumentFragment>
  .c0 {
  display: inline-block;
  position: relative;
}

.c1 {
  cursor: pointer;
}

<div
    class="c0"
  >
    <div
      class="c1"
    >
      <button
        type="button"
      >
        popover here
      </button>
    </div>
  </div>
</DocumentFragment>
`;

exports[`Popover component should match snapshots 2`] = `
<DocumentFragment>
  .c0 {
  display: inline-block;
  position: relative;
}

.c1 {
  cursor: pointer;
}

<div
    class="c0"
  >
    <div
      class="c1"
    >
      <button
        type="button"
      >
        popover here
      </button>
    </div>
  </div>
</DocumentFragment>
`;

exports[`Popover component should match snapshots 3`] = `
<DocumentFragment>
  .c0 {
  display: inline-block;
  position: relative;
}

.c1 {
  cursor: pointer;
}

<div
    class="c0"
  >
    <div
      class="c1"
    >
      <button
        type="button"
      >
        popover here
      </button>
    </div>
  </div>
</DocumentFragment>
`;

exports[`Popover component should match snapshots 4`] = `
<DocumentFragment>
  .c0 {
  display: inline-block;
  position: relative;
}

.c1 {
  cursor: pointer;
}

<div
    class="c0"
  >
    <div
      class="c1"
    >
      <button
        type="button"
      >
        popover here
      </button>
    </div>
  </div>
</DocumentFragment>
`;

exports[`Popover component should match snapshots 5`] = `
<DocumentFragment>
  .c0 {
  display: inline-block;
  position: relative;
}

.c1 {
  cursor: pointer;
}

<div
    class="c0"
  >
    <div
      class="c1"
    >
      <button
        type="button"
      >
        popover here
      </button>
    </div>
  </div>
</DocumentFragment>
`;

exports[`Popover component should match snapshots 6`] = `
<DocumentFragment>
  .c0 {
  display: inline-block;
  position: relative;
}

.c1 {
  cursor: pointer;
}

<div
    class="c0"
  >
    <div
      class="c1"
    >
      <button
        type="button"
      >
        popover here
      </button>
    </div>
  </div>
</DocumentFragment>
`;

exports[`Popover component should match snapshots 7`] = `
<DocumentFragment>
  .c0 {
  display: inline-block;
  position: relative;
}

.c1 {
  cursor: pointer;
}

<div
    class="c0"
  >
    <div
      class="c1"
    >
      <button
        type="button"
      >
        popover here
      </button>
    </div>
  </div>
</DocumentFragment>
`;

exports[`Popover component should match snapshots 8`] = `
<DocumentFragment>
  .c0 {
  display: inline-block;
  position: relative;
}

.c1 {
  cursor: pointer;
}

<div
    class="c0"
  >
    <div
      class="c1"
    >
      <button
        type="button"
      >
        popover here
      </button>
    </div>
  </div>
</DocumentFragment>
`;

exports[`Popover component should match snapshots 9`] = `
<DocumentFragment>
  .c0 {
  display: inline-block;
  position: relative;
}

.c1 {
  cursor: pointer;
}

<div
    class="c0"
  >
    <div
      class="c1"
    >
      <button
        type="button"
      >
        popover here
      </button>
    </div>
  </div>
</DocumentFragment>
`;
