// Jest Snapshot v1, https://goo.gl/fbAQLP

exports[`Default props Should match the snapshot 1`] = `
<ul
  className="sc-bdVaJa bDPZVs"
>
  <li
    className="sc-bwzfXH hMCfcz"
    href="http://foo.bar"
  >
    <a
      href="http://foo.bar"
    >
      Link text
    </a>
  </li>
</ul>
`;

exports[`IsLinking is false Should match the snapshot 1`] = `
<ul
  className="sc-bdVaJa bDPZVs"
>
  <li
    className="sc-bwzfXH hMCfcz"
    href="http://foo.bar"
  >
    <a
      href="http://foo.bar"
    >
      Link text
    </a>
  </li>
</ul>
`;

exports[`IsTitle is false Should match the snapshot 1`] = `
<ul
  className="sc-bdVaJa bDPZVs"
>
  <li
    className="sc-bwzfXH hMCfcz"
    href="http://foo.bar"
  >
    <a
      href="http://foo.bar"
    >
      Link text
    </a>
  </li>
</ul>
`;

exports[`hasSideSeparator is false Should match the snapshot 1`] = `
<ul
  className="sc-bdVaJa bDPZVs"
>
  <li
    className="sc-bwzfXH hMCfcz"
    href="http://foo.bar"
  >
    <a
      href="http://foo.bar"
    >
      Link text
    </a>
  </li>
</ul>
`;
