// Jest Snapshot v1, https://goo.gl/fbAQLP

exports[`MenuMobile component Should match the snapshot 1`] = `
<div
  className="sc-ifAKCX kULZqa sc-bdVaJa OkJiS"
>
  <div
    className="sc-bwzfXH hnDOSg"
  >
    <div
      className="sc-htpNat hsrGhS"
    >
      <div
        className="sc-htoDjs RZnJw"
      >
        <a
          className="sc-dnqmqq cvhdim"
          href="/vagas/"
          icon="search"
          title="Buscar vagas"
        >
          Buscar vagas
        </a>
      </div>
    </div>
    <div
      className="sc-htpNat hsrGhS"
    >
      <div
        className="sc-htoDjs RZnJw"
      >
        <a
          className="sc-dnqmqq jYooTm"
          href="/por-dentro/"
          icon="enterprise"
          title="Por dentro das empresas"
        >
          Por dentro das empresas
        </a>
      </div>
    </div>
    <div
      className="sc-htpNat hsrGhS"
    >
      <div
        className="sc-htoDjs RZnJw"
      >
        <a
          className="sc-dnqmqq CjmeH"
          href="/aviso-vagas/listagem/"
          icon="alert"
          title="Aviso de vagas"
        >
          Aviso de vagas
        </a>
      </div>
    </div>
    <ul
      className="sc-EHOje ZUQmC"
    >
      <li
        className="sc-bZQynM jpfThj"
      >
        <a
          className="sc-gzVnrw cDChpl"
          href="https://seguro.catho.com.br/inclusao/curriculo.php?nova_inclusao=1&usr[plano_id]=1&cur[perfil_id]=1&cur[use_personalizado]=0&a=0&ppd=0&tipoinclusao=807"
          target="_self"
          title="Envie seu Currículo por 7 dias grátis"
        >
          Envie seu Currículo por 7 dias grátis
        </a>
      </li>
      <li
        className="sc-bZQynM jpfThj"
      >
        <a
          className="sc-gzVnrw cDChpl"
          href="/profissoes/"
          target="_self"
          title="Guia de profissões"
        >
          Guia de profissões
        </a>
      </li>
      <li
        className="sc-bZQynM jpfThj"
      >
        <a
          className="sc-gzVnrw cDChpl"
          href="/por-dentro/"
          target="_self"
          title="Por dentro das empresas"
        >
          Por dentro das empresas
        </a>
      </li>
      <li
        className="sc-bZQynM jpfThj"
      >
        <a
          className="sc-gzVnrw cDChpl"
          href="https://www.catho.com.br/portaldocurriculo/"
          target="_self"
          title="Portal do currículo"
        >
          Portal do currículo
        </a>
      </li>
      <li
        className="sc-bZQynM jpfThj"
      >
        <a
          className="sc-gzVnrw cDChpl"
          href="https://www.catho.com.br/estagio/"
          target="_self"
          title="Vagas de estágio"
        >
          Vagas de estágio
        </a>
      </li>
      <li
        className="sc-bZQynM kBLwuG"
      >
        Exclusivo para assinantes
      </li>
      <li
        className="sc-bZQynM jpfThj"
      >
        <a
          className="sc-gzVnrw cDChpl"
          href="/cursos-rapidos/"
          target="_self"
          title="Cursos rápidos"
        >
          Cursos rápidos
        </a>
      </li>
      <li
        className="sc-bZQynM jpfThj"
      >
        <a
          className="sc-gzVnrw cDChpl"
          href="https://cadastro.catho.com.br/"
          target="_self"
          title="Cadastro Catho"
        >
          Cadastro Catho
        </a>
      </li>
      <li
        className="sc-bZQynM jpfThj"
      >
        <a
          className="sc-gzVnrw cDChpl"
          href="/consvirtual/"
          target="_self"
          title="Consultor virtual"
        >
          Consultor virtual
        </a>
      </li>
      <li
        className="sc-bZQynM jpfThj"
      >
        <a
          className="sc-gzVnrw cDChpl"
          href="/cadastrar-curriculo/"
          target="_self"
          title="Vantagens de assinar a Catho"
        >
          Vantagens de assinar a Catho
        </a>
      </li>
      <li
        className="sc-bZQynM kBLwuG"
      >
        Apoio ao candidato
      </li>
      <li
        className="sc-bZQynM jpfThj"
      >
        <a
          className="sc-gzVnrw cDChpl"
          href="https://parceiros.catho.com.br/gop.php?origem=cat&a=6503&p=12&url1=1&url=servicoscatho/carreira/elaboracao-de-curriculo/"
          target="_self"
          title="Elaboração de currículo"
        >
          Elaboração de currículo
        </a>
      </li>
      <li
        className="sc-bZQynM jpfThj"
      >
        <a
          className="sc-gzVnrw cDChpl"
          href="https://parceiros.catho.com.br/gop.php?origem=cat&a=6507&p=4&url1=1&url=servicoscatho/carreira/analise-de-curriculo/"
          target="_self"
          title="Análise de currículo"
        >
          Análise de currículo
        </a>
      </li>
      <li
        className="sc-bZQynM jpfThj"
      >
        <a
          className="sc-gzVnrw cDChpl"
          href="https://parceiros.catho.com.br/gop.php?origem=cat&a=6509&p=16&url1=1&url=servicoscatho/carreira/simulacao-de-entrevista/"
          target="_self"
          title="Simulação de entrevista"
        >
          Simulação de entrevista
        </a>
      </li>
      <li
        className="sc-bZQynM jpfThj"
      >
        <a
          className="sc-gzVnrw cDChpl"
          href="https://parceiros.catho.com.br/gop.php?origem=cat&a=6505&p=13&url1=1&url=servicoscatho/carreira/carta-de-apresentacao/"
          target="_self"
          title="Elaboração de carta de apresentação"
        >
          Elaboração de carta de apresentação
        </a>
      </li>
      <li
        className="sc-bZQynM jpfThj"
      >
        <a
          className="sc-gzVnrw cDChpl"
          href="/curso/"
          target="_self"
          title="Cursos"
        >
          Cursos
        </a>
      </li>
      <li
        className="sc-bZQynM jpfThj"
      >
        <a
          className="sc-gzVnrw cDChpl"
          href="/servicoscandidatos/"
          target="_self"
          title="Todas as soluções"
        >
          Todas as soluções
        </a>
      </li>
    </ul>
  </div>
</div>
`;
