// Jest Snapshot v1, https://goo.gl/fbAQLP

exports[`Radio component Should match the snapshot 1`] = `
ShallowWrapper {
  Symbol(enzyme.__root__): [Circular],
  Symbol(enzyme.__unrendered__): <Modal
    closeOnOverlayClick={false}
    opened={true}
    trigger={
      <Button
        center={false}
        disabled={false}
        full={false}
        icon=""
        onClick={[Function]}
        size="normal"
        skin="primary"
        type="button"
      >
        Open modal
      </Button>
    }
  >
    <ForwardRef>
      Title
    </ForwardRef>
    <ForwardRef>
      Example Content
    </ForwardRef>
    <ForwardRef>
      <Button
        center={false}
        disabled={false}
        full={false}
        icon=""
        onClick={[Function]}
        size="normal"
        skin="modal"
        type="button"
      >
        Cancel
      </Button>
      <Button
        center={false}
        disabled={false}
        full={false}
        icon=""
        onClick={[Function]}
        size="normal"
        skin="primary"
        type="button"
      >
        OK
      </Button>
    </ForwardRef>
  </Modal>,
  Symbol(enzyme.__renderer__): Object {
    "batchedUpdates": [Function],
    "getNode": [Function],
    "render": [Function],
    "simulateError": [Function],
    "simulateEvent": [Function],
    "unmount": [Function],
  },
  Symbol(enzyme.__node__): Object {
    "instance": null,
    "key": undefined,
    "nodeType": "function",
    "props": Object {
      "children": Array [
        <Button
          center={false}
          disabled={false}
          full={false}
          icon=""
          onClick={[Function]}
          size="normal"
          skin="primary"
          type="button"
        >
          Open modal
        </Button>,
        <ForwardRef>
          <ForwardRef>
            <ForwardRef>
              Title
            </ForwardRef>
            <ForwardRef>
              Example Content
            </ForwardRef>
            <ForwardRef>
              <Button
                center={false}
                disabled={false}
                full={false}
                icon=""
                onClick={[Function]}
                size="normal"
                skin="modal"
                type="button"
              >
                Cancel
              </Button>
              <Button
                center={false}
                disabled={false}
                full={false}
                icon=""
                onClick={[Function]}
                size="normal"
                skin="primary"
                type="button"
              >
                OK
              </Button>
            </ForwardRef>
          </ForwardRef>
        </ForwardRef>,
      ],
      "value": Object {
        "closeModal": [Function],
      },
    },
    "ref": null,
    "rendered": Array [
      Object {
        "instance": null,
        "key": undefined,
        "nodeType": "class",
        "props": Object {
          "center": false,
          "children": "Open modal",
          "disabled": false,
          "full": false,
          "icon": "",
          "onClick": [Function],
          "size": "normal",
          "skin": "primary",
          "type": "button",
        },
        "ref": null,
        "rendered": "Open modal",
        "type": [Function],
      },
      Object {
        "instance": null,
        "key": undefined,
        "nodeType": "function",
        "props": Object {
          "children": <ForwardRef>
            <ForwardRef>
              Title
            </ForwardRef>
            <ForwardRef>
              Example Content
            </ForwardRef>
            <ForwardRef>
              <Button
                center={false}
                disabled={false}
                full={false}
                icon=""
                onClick={[Function]}
                size="normal"
                skin="modal"
                type="button"
              >
                Cancel
              </Button>
              <Button
                center={false}
                disabled={false}
                full={false}
                icon=""
                onClick={[Function]}
                size="normal"
                skin="primary"
                type="button"
              >
                OK
              </Button>
            </ForwardRef>
          </ForwardRef>,
          "onClick": undefined,
        },
        "ref": [Function],
        "rendered": Object {
          "instance": null,
          "key": undefined,
          "nodeType": "function",
          "props": Object {
            "children": Array [
              <ForwardRef>
                Title
              </ForwardRef>,
              <ForwardRef>
                Example Content
              </ForwardRef>,
              <ForwardRef>
                <Button
                  center={false}
                  disabled={false}
                  full={false}
                  icon=""
                  onClick={[Function]}
                  size="normal"
                  skin="modal"
                  type="button"
                >
                  Cancel
                </Button>
                <Button
                  center={false}
                  disabled={false}
                  full={false}
                  icon=""
                  onClick={[Function]}
                  size="normal"
                  skin="primary"
                  type="button"
                >
                  OK
                </Button>
              </ForwardRef>,
            ],
          },
          "ref": null,
          "rendered": Array [
            Object {
              "instance": null,
              "key": undefined,
              "nodeType": "function",
              "props": Object {
                "children": "Title",
              },
              "ref": null,
              "rendered": "Title",
              "type": Object {
                "$$typeof": Symbol(react.forward_ref),
                "attrs": Array [],
                "componentStyle": ComponentStyle {
                  "componentId": "Header-sc-13ddtbk-0",
                  "isStatic": true,
                  "rules": Array [
                    "border-bottom:2px solid ",
                    "#eceff1",
                    ";font-size:20px;font-weight:bold;margin:0;padding:18px 24px;",
                  ],
                },
                "displayName": "Modal.Header",
                "foldedComponentIds": Array [],
                "render": [Function],
                "styledComponentId": "Header-sc-13ddtbk-0",
                "target": "h2",
                "toString": [Function],
                "warnTooManyClasses": [Function],
                "withComponent": [Function],
              },
            },
            Object {
              "instance": null,
              "key": undefined,
              "nodeType": "function",
              "props": Object {
                "children": "Example Content",
              },
              "ref": null,
              "rendered": "Example Content",
              "type": Object {
                "$$typeof": Symbol(react.forward_ref),
                "attrs": Array [],
                "componentStyle": ComponentStyle {
                  "componentId": "Content-sc-9f5o6t-0",
                  "isStatic": true,
                  "rules": Array [
                    "font-size:14px;padding:18px 24px;",
                  ],
                },
                "displayName": "Modal.Content",
                "foldedComponentIds": Array [],
                "render": [Function],
                "styledComponentId": "Content-sc-9f5o6t-0",
                "target": "div",
                "toString": [Function],
                "warnTooManyClasses": [Function],
                "withComponent": [Function],
              },
            },
            Object {
              "instance": null,
              "key": undefined,
              "nodeType": "function",
              "props": Object {
                "children": Array [
                  <Button
                    center={false}
                    disabled={false}
                    full={false}
                    icon=""
                    onClick={[Function]}
                    size="normal"
                    skin="modal"
                    type="button"
                  >
                    Cancel
                  </Button>,
                  <Button
                    center={false}
                    disabled={false}
                    full={false}
                    icon=""
                    onClick={[Function]}
                    size="normal"
                    skin="primary"
                    type="button"
                  >
                    OK
                  </Button>,
                ],
              },
              "ref": null,
              "rendered": Array [
                Object {
                  "instance": null,
                  "key": undefined,
                  "nodeType": "class",
                  "props": Object {
                    "center": false,
                    "children": "Cancel",
                    "disabled": false,
                    "full": false,
                    "icon": "",
                    "onClick": [Function],
                    "size": "normal",
                    "skin": "modal",
                    "type": "button",
                  },
                  "ref": null,
                  "rendered": "Cancel",
                  "type": [Function],
                },
                Object {
                  "instance": null,
                  "key": undefined,
                  "nodeType": "class",
                  "props": Object {
                    "center": false,
                    "children": "OK",
                    "disabled": false,
                    "full": false,
                    "icon": "",
                    "onClick": [Function],
                    "size": "normal",
                    "skin": "primary",
                    "type": "button",
                  },
                  "ref": null,
                  "rendered": "OK",
                  "type": [Function],
                },
              ],
              "type": Object {
                "$$typeof": Symbol(react.forward_ref),
                "attrs": Array [],
                "componentStyle": ComponentStyle {
                  "componentId": "Footer-sc-8oh0mo-0",
                  "isStatic": false,
                  "rules": Array [
                    "background-color:#f4f4f4;border-top:2px solid ",
                    "#eceff1",
                    ";display:flex;font-size:14px;padding:10px;justify-content:",
                    [Function],
                    ";",
                  ],
                },
                "displayName": "Modal.Footer",
                "foldedComponentIds": Array [],
                "render": [Function],
                "styledComponentId": "Footer-sc-8oh0mo-0",
                "target": "div",
                "toString": [Function],
                "warnTooManyClasses": [Function],
                "withComponent": [Function],
              },
            },
          ],
          "type": Object {
            "$$typeof": Symbol(react.forward_ref),
            "attrs": Array [],
            "componentStyle": ComponentStyle {
              "componentId": "Modal__Wrapper-sc-300qpr-1",
              "isStatic": true,
              "rules": Array [
                "background-color:",
                "#FFFFFF",
                ";border-radius:8px;box-shadow:0 3px 3px 0 ",
                "rgba(0, 0, 0, 0.2)",
                ",0 8px 14px 3px ",
                "rgba(0, 0, 0, 0.12)",
                ",0 8px 10px 1px ",
                "rgba(0, 0, 0, 0.14)",
                ";color:",
                "#485f6d",
                ";overflow:hidden;",
              ],
            },
            "displayName": "Modal__Wrapper",
            "foldedComponentIds": Array [],
            "render": [Function],
            "styledComponentId": "Modal__Wrapper-sc-300qpr-1",
            "target": "section",
            "toString": [Function],
            "warnTooManyClasses": [Function],
            "withComponent": [Function],
          },
        },
        "type": Object {
          "$$typeof": Symbol(react.forward_ref),
          "attrs": Array [],
          "componentStyle": ComponentStyle {
            "componentId": "Modal__Overlay-sc-300qpr-0",
            "isStatic": true,
            "rules": Array [
              "align-items:center;background-color:",
              "rgba(0, 0, 0, 0.5)",
              ";bottom:0;display:flex;justify-content:center;left:0;right:0;position:fixed;top:0;z-index:100;",
            ],
          },
          "displayName": "Overlay",
          "foldedComponentIds": Array [],
          "render": [Function],
          "styledComponentId": "Modal__Overlay-sc-300qpr-0",
          "target": "div",
          "toString": [Function],
          "warnTooManyClasses": [Function],
          "withComponent": [Function],
        },
      },
    ],
    "type": Object {
      "$$typeof": Symbol(react.provider),
      "_context": Object {
        "$$typeof": Symbol(react.context),
        "Consumer": Object {
          "$$typeof": Symbol(react.context),
          "_calculateChangedBits": null,
          "_context": [Circular],
        },
        "Provider": [Circular],
        "_calculateChangedBits": null,
        "_currentRenderer": null,
        "_currentRenderer2": null,
        "_currentValue": undefined,
        "_currentValue2": undefined,
        "_threadCount": 0,
      },
    },
  },
  Symbol(enzyme.__nodes__): Array [
    Object {
      "instance": null,
      "key": undefined,
      "nodeType": "function",
      "props": Object {
        "children": Array [
          <Button
            center={false}
            disabled={false}
            full={false}
            icon=""
            onClick={[Function]}
            size="normal"
            skin="primary"
            type="button"
          >
            Open modal
          </Button>,
          <ForwardRef>
            <ForwardRef>
              <ForwardRef>
                Title
              </ForwardRef>
              <ForwardRef>
                Example Content
              </ForwardRef>
              <ForwardRef>
                <Button
                  center={false}
                  disabled={false}
                  full={false}
                  icon=""
                  onClick={[Function]}
                  size="normal"
                  skin="modal"
                  type="button"
                >
                  Cancel
                </Button>
                <Button
                  center={false}
                  disabled={false}
                  full={false}
                  icon=""
                  onClick={[Function]}
                  size="normal"
                  skin="primary"
                  type="button"
                >
                  OK
                </Button>
              </ForwardRef>
            </ForwardRef>
          </ForwardRef>,
        ],
        "value": Object {
          "closeModal": [Function],
        },
      },
      "ref": null,
      "rendered": Array [
        Object {
          "instance": null,
          "key": undefined,
          "nodeType": "class",
          "props": Object {
            "center": false,
            "children": "Open modal",
            "disabled": false,
            "full": false,
            "icon": "",
            "onClick": [Function],
            "size": "normal",
            "skin": "primary",
            "type": "button",
          },
          "ref": null,
          "rendered": "Open modal",
          "type": [Function],
        },
        Object {
          "instance": null,
          "key": undefined,
          "nodeType": "function",
          "props": Object {
            "children": <ForwardRef>
              <ForwardRef>
                Title
              </ForwardRef>
              <ForwardRef>
                Example Content
              </ForwardRef>
              <ForwardRef>
                <Button
                  center={false}
                  disabled={false}
                  full={false}
                  icon=""
                  onClick={[Function]}
                  size="normal"
                  skin="modal"
                  type="button"
                >
                  Cancel
                </Button>
                <Button
                  center={false}
                  disabled={false}
                  full={false}
                  icon=""
                  onClick={[Function]}
                  size="normal"
                  skin="primary"
                  type="button"
                >
                  OK
                </Button>
              </ForwardRef>
            </ForwardRef>,
            "onClick": undefined,
          },
          "ref": [Function],
          "rendered": Object {
            "instance": null,
            "key": undefined,
            "nodeType": "function",
            "props": Object {
              "children": Array [
                <ForwardRef>
                  Title
                </ForwardRef>,
                <ForwardRef>
                  Example Content
                </ForwardRef>,
                <ForwardRef>
                  <Button
                    center={false}
                    disabled={false}
                    full={false}
                    icon=""
                    onClick={[Function]}
                    size="normal"
                    skin="modal"
                    type="button"
                  >
                    Cancel
                  </Button>
                  <Button
                    center={false}
                    disabled={false}
                    full={false}
                    icon=""
                    onClick={[Function]}
                    size="normal"
                    skin="primary"
                    type="button"
                  >
                    OK
                  </Button>
                </ForwardRef>,
              ],
            },
            "ref": null,
            "rendered": Array [
              Object {
                "instance": null,
                "key": undefined,
                "nodeType": "function",
                "props": Object {
                  "children": "Title",
                },
                "ref": null,
                "rendered": "Title",
                "type": Object {
                  "$$typeof": Symbol(react.forward_ref),
                  "attrs": Array [],
                  "componentStyle": ComponentStyle {
                    "componentId": "Header-sc-13ddtbk-0",
                    "isStatic": true,
                    "rules": Array [
                      "border-bottom:2px solid ",
                      "#eceff1",
                      ";font-size:20px;font-weight:bold;margin:0;padding:18px 24px;",
                    ],
                  },
                  "displayName": "Modal.Header",
                  "foldedComponentIds": Array [],
                  "render": [Function],
                  "styledComponentId": "Header-sc-13ddtbk-0",
                  "target": "h2",
                  "toString": [Function],
                  "warnTooManyClasses": [Function],
                  "withComponent": [Function],
                },
              },
              Object {
                "instance": null,
                "key": undefined,
                "nodeType": "function",
                "props": Object {
                  "children": "Example Content",
                },
                "ref": null,
                "rendered": "Example Content",
                "type": Object {
                  "$$typeof": Symbol(react.forward_ref),
                  "attrs": Array [],
                  "componentStyle": ComponentStyle {
                    "componentId": "Content-sc-9f5o6t-0",
                    "isStatic": true,
                    "rules": Array [
                      "font-size:14px;padding:18px 24px;",
                    ],
                  },
                  "displayName": "Modal.Content",
                  "foldedComponentIds": Array [],
                  "render": [Function],
                  "styledComponentId": "Content-sc-9f5o6t-0",
                  "target": "div",
                  "toString": [Function],
                  "warnTooManyClasses": [Function],
                  "withComponent": [Function],
                },
              },
              Object {
                "instance": null,
                "key": undefined,
                "nodeType": "function",
                "props": Object {
                  "children": Array [
                    <Button
                      center={false}
                      disabled={false}
                      full={false}
                      icon=""
                      onClick={[Function]}
                      size="normal"
                      skin="modal"
                      type="button"
                    >
                      Cancel
                    </Button>,
                    <Button
                      center={false}
                      disabled={false}
                      full={false}
                      icon=""
                      onClick={[Function]}
                      size="normal"
                      skin="primary"
                      type="button"
                    >
                      OK
                    </Button>,
                  ],
                },
                "ref": null,
                "rendered": Array [
                  Object {
                    "instance": null,
                    "key": undefined,
                    "nodeType": "class",
                    "props": Object {
                      "center": false,
                      "children": "Cancel",
                      "disabled": false,
                      "full": false,
                      "icon": "",
                      "onClick": [Function],
                      "size": "normal",
                      "skin": "modal",
                      "type": "button",
                    },
                    "ref": null,
                    "rendered": "Cancel",
                    "type": [Function],
                  },
                  Object {
                    "instance": null,
                    "key": undefined,
                    "nodeType": "class",
                    "props": Object {
                      "center": false,
                      "children": "OK",
                      "disabled": false,
                      "full": false,
                      "icon": "",
                      "onClick": [Function],
                      "size": "normal",
                      "skin": "primary",
                      "type": "button",
                    },
                    "ref": null,
                    "rendered": "OK",
                    "type": [Function],
                  },
                ],
                "type": Object {
                  "$$typeof": Symbol(react.forward_ref),
                  "attrs": Array [],
                  "componentStyle": ComponentStyle {
                    "componentId": "Footer-sc-8oh0mo-0",
                    "isStatic": false,
                    "rules": Array [
                      "background-color:#f4f4f4;border-top:2px solid ",
                      "#eceff1",
                      ";display:flex;font-size:14px;padding:10px;justify-content:",
                      [Function],
                      ";",
                    ],
                  },
                  "displayName": "Modal.Footer",
                  "foldedComponentIds": Array [],
                  "render": [Function],
                  "styledComponentId": "Footer-sc-8oh0mo-0",
                  "target": "div",
                  "toString": [Function],
                  "warnTooManyClasses": [Function],
                  "withComponent": [Function],
                },
              },
            ],
            "type": Object {
              "$$typeof": Symbol(react.forward_ref),
              "attrs": Array [],
              "componentStyle": ComponentStyle {
                "componentId": "Modal__Wrapper-sc-300qpr-1",
                "isStatic": true,
                "rules": Array [
                  "background-color:",
                  "#FFFFFF",
                  ";border-radius:8px;box-shadow:0 3px 3px 0 ",
                  "rgba(0, 0, 0, 0.2)",
                  ",0 8px 14px 3px ",
                  "rgba(0, 0, 0, 0.12)",
                  ",0 8px 10px 1px ",
                  "rgba(0, 0, 0, 0.14)",
                  ";color:",
                  "#485f6d",
                  ";overflow:hidden;",
                ],
              },
              "displayName": "Modal__Wrapper",
              "foldedComponentIds": Array [],
              "render": [Function],
              "styledComponentId": "Modal__Wrapper-sc-300qpr-1",
              "target": "section",
              "toString": [Function],
              "warnTooManyClasses": [Function],
              "withComponent": [Function],
            },
          },
          "type": Object {
            "$$typeof": Symbol(react.forward_ref),
            "attrs": Array [],
            "componentStyle": ComponentStyle {
              "componentId": "Modal__Overlay-sc-300qpr-0",
              "isStatic": true,
              "rules": Array [
                "align-items:center;background-color:",
                "rgba(0, 0, 0, 0.5)",
                ";bottom:0;display:flex;justify-content:center;left:0;right:0;position:fixed;top:0;z-index:100;",
              ],
            },
            "displayName": "Overlay",
            "foldedComponentIds": Array [],
            "render": [Function],
            "styledComponentId": "Modal__Overlay-sc-300qpr-0",
            "target": "div",
            "toString": [Function],
            "warnTooManyClasses": [Function],
            "withComponent": [Function],
          },
        },
      ],
      "type": Object {
        "$$typeof": Symbol(react.provider),
        "_context": Object {
          "$$typeof": Symbol(react.context),
          "Consumer": Object {
            "$$typeof": Symbol(react.context),
            "_calculateChangedBits": null,
            "_context": [Circular],
          },
          "Provider": [Circular],
          "_calculateChangedBits": null,
          "_currentRenderer": null,
          "_currentRenderer2": null,
          "_currentValue": undefined,
          "_currentValue2": undefined,
          "_threadCount": 0,
        },
      },
    },
  ],
  Symbol(enzyme.__options__): Object {
    "adapter": ReactSixteenAdapter {
      "options": Object {
        "enableComponentDidUpdateOnSetState": true,
        "lifecycles": Object {
          "componentDidUpdate": Object {
            "onSetState": true,
          },
          "getDerivedStateFromProps": true,
          "getSnapshotBeforeUpdate": true,
          "setState": Object {
            "skipsComponentDidUpdateOnNullish": true,
          },
        },
      },
    },
  },
}
`;
