// Jest Snapshot v1, https://goo.gl/fbAQLP

exports[`Tooltip component  All positions Should match the snapshot when place is bottom 1`] = `"<div class=\\"Tooltip__Wrapper-sc-1s2fcfh-1 doxhVj\\"><div class=\\"Tooltip__Tip-sc-1s2fcfh-0 ffvXxE\\">This is a hint</div>Hover Me</div>"`;

exports[`Tooltip component  All positions Should match the snapshot when place is left 1`] = `"<div class=\\"Tooltip__Wrapper-sc-1s2fcfh-1 doxhVj\\"><div class=\\"Tooltip__Tip-sc-1s2fcfh-0 ffvXxE\\">This is a hint</div>Hover Me</div>"`;

exports[`Tooltip component  All positions Should match the snapshot when place is right 1`] = `"<div class=\\"Tooltip__Wrapper-sc-1s2fcfh-1 doxhVj\\"><div class=\\"Tooltip__Tip-sc-1s2fcfh-0 ffvXxE\\">This is a hint</div>Hover Me</div>"`;

exports[`Tooltip component  All positions Should match the snapshot when place is top 1`] = `"<div class=\\"Tooltip__Wrapper-sc-1s2fcfh-1 doxhVj\\"><div class=\\"Tooltip__Tip-sc-1s2fcfh-0 ffvXxE\\">This is a hint</div>Hover Me</div>"`;
